exec ${PAGER:-/usr/bin/less} "$0" || exit 1
Executing tests from //xla/service/gpu/transforms:gemm_rewriter_test_gpu_amd_any
-----------------------------------------------------------------------------
Running test /root/.cache/bazel/_bazel_root/7400ddcac62ef851d2c8ad0d87311431/execroot/xla/bazel-out/k8-opt/bin/xla/service/gpu/transforms/gemm_rewriter_test_gpu_amd_any.runfiles/xla/xla/service/gpu/transforms/gemm_rewriter_test_gpu_amd_any  on GPU 0
Note: Google Test filter = Fp8CublasTestsBothLegacyAndLt/ParameterizedFp8GemmRewriteTest.UnscaledABScaledF32DF8/0
[==========] Running 1 test from 1 test suite.
[----------] Global test environment set-up.
[----------] 1 test from Fp8CublasTestsBothLegacyAndLt/ParameterizedFp8GemmRewriteTest
[ RUN      ] Fp8CublasTestsBothLegacyAndLt/ParameterizedFp8GemmRewriteTest.UnscaledABScaledF32DF8/0
2025-02-25 17:44:26.804672: I xla/service/hlo_runner.cc:50] Created HloRunner for platform: ROCM
2025-02-25 17:44:26.805066: I xla/service/hlo_runner.cc:50] Created HloRunner for platform: Interpreter
2025-02-25 17:44:26.805248: I xla/service/hlo_runner.cc:50] Created HloRunner for platform: ROCM
2025-02-25 17:44:26.805282: I xla/service/gpu/transforms/gemm_rewriter_test.cc:4786] zzzzzzzzzzzzzzzzzzzzzzzzzzzzzzzzzzzzzzzzzzzzzzzzzzzzzzzzzzzz
2025-02-25 17:44:26.805289: I xla/service/gpu/transforms/gemm_rewriter_test.cc:4787] Enter RunAndCompare()...
2025-02-25 17:44:26.805292: I xla/service/gpu/transforms/gemm_rewriter_test.cc:4788] zzzzzzzzzzzzzzzzzzzzzzzzzzzzzzzzzzzzzzzzzzzzzzzzzzzzzzzzzzzz
2025-02-25 17:44:28.249071: I xla/service/gpu/transforms/gemm_rewriter.cc:1406] %dot_a = f32[16,16]{1,0} dot(), lhs_contracting_dims={1}, rhs_contracting_dims={0} rewritten into FP8 Custom Call.
2025-02-25 17:44:28.249124: I xla/service/gpu/transforms/gemm_rewriter.cc:1448] Scaling of FP8 GEMM fused into Custom Call.
hipblaslt-bench --api_method c -m 16 -n 16 -k 32 --lda 32 --ldb 32 --ldc 16 --ldd 16  --stride_a 0 --stride_b 0 --stride_c 0 --stride_d 0  --alpha 1.000000 --beta 0.000000 --transA T --transB N --batch_count 1 --scaleA 0 --scaleB 0  --a_type f8_r --b_type f8_r --c_type f32_r --d_type f32_r --scale_type f32_r --bias_type f32_r   --compute_type f32_r --algo_method index --solution_index 5273 --activation_type none 
hipblaslt-bench --api_method c -m 16 -n 16 -k 32 --lda 32 --ldb 32 --ldc 16 --ldd 16  --stride_a 0 --stride_b 0 --stride_c 0 --stride_d 0  --alpha 1.000000 --beta 0.000000 --transA T --transB N --batch_count 1 --scaleA 0 --scaleB 0  --a_type f8_r --b_type f8_r --c_type f32_r --d_type f32_r --scale_type f32_r --bias_type f32_r   --compute_type f32_r --algo_method index --solution_index 5273 --activation_type none 
hipblaslt-bench --api_method c -m 16 -n 16 -k 32 --lda 32 --ldb 32 --ldc 16 --ldd 16  --stride_a 0 --stride_b 0 --stride_c 0 --stride_d 0  --alpha 1.000000 --beta 0.000000 --transA T --transB N --batch_count 1 --scaleA 0 --scaleB 0  --a_type f8_r --b_type f8_r --c_type f32_r --d_type f32_r --scale_type f32_r --bias_type f32_r   --compute_type f32_r --algo_method index --solution_index 5274 --activation_type none 
hipblaslt-bench --api_method c -m 16 -n 16 -k 32 --lda 32 --ldb 32 --ldc 16 --ldd 16  --stride_a 0 --stride_b 0 --stride_c 0 --stride_d 0  --alpha 1.000000 --beta 0.000000 --transA T --transB N --batch_count 1 --scaleA 0 --scaleB 0  --a_type f8_r --b_type f8_r --c_type f32_r --d_type f32_r --scale_type f32_r --bias_type f32_r   --compute_type f32_r --algo_method index --solution_index 5274 --activation_type none 
hipblaslt-bench --api_method c -m 16 -n 16 -k 32 --lda 32 --ldb 32 --ldc 16 --ldd 16  --stride_a 0 --stride_b 0 --stride_c 0 --stride_d 0  --alpha 1.000000 --beta 0.000000 --transA T --transB N --batch_count 1 --scaleA 0 --scaleB 0  --a_type f8_r --b_type f8_r --c_type f32_r --d_type f32_r --scale_type f32_r --bias_type f32_r   --compute_type f32_r --algo_method index --solution_index 5280 --activation_type none 
hipblaslt-bench --api_method c -m 16 -n 16 -k 32 --lda 32 --ldb 32 --ldc 16 --ldd 16  --stride_a 0 --stride_b 0 --stride_c 0 --stride_d 0  --alpha 1.000000 --beta 0.000000 --transA T --transB N --batch_count 1 --scaleA 0 --scaleB 0  --a_type f8_r --b_type f8_r --c_type f32_r --d_type f32_r --scale_type f32_r --bias_type f32_r   --compute_type f32_r --algo_method index --solution_index 5280 --activation_type none 
hipblaslt-bench --api_method c -m 16 -n 16 -k 32 --lda 32 --ldb 32 --ldc 16 --ldd 16  --stride_a 0 --stride_b 0 --stride_c 0 --stride_d 0  --alpha 1.000000 --beta 0.000000 --transA T --transB N --batch_count 1 --scaleA 0 --scaleB 0  --a_type f8_r --b_type f8_r --c_type f32_r --d_type f32_r --scale_type f32_r --bias_type f32_r   --compute_type f32_r --algo_method index --solution_index 5284 --activation_type none 
hipblaslt-bench --api_method c -m 16 -n 16 -k 32 --lda 32 --ldb 32 --ldc 16 --ldd 16  --stride_a 0 --stride_b 0 --stride_c 0 --stride_d 0  --alpha 1.000000 --beta 0.000000 --transA T --transB N --batch_count 1 --scaleA 0 --scaleB 0  --a_type f8_r --b_type f8_r --c_type f32_r --d_type f32_r --scale_type f32_r --bias_type f32_r   --compute_type f32_r --algo_method index --solution_index 5284 --activation_type none 
hipblaslt-bench --api_method c -m 16 -n 16 -k 32 --lda 32 --ldb 32 --ldc 16 --ldd 16  --stride_a 0 --stride_b 0 --stride_c 0 --stride_d 0  --alpha 1.000000 --beta 0.000000 --transA T --transB N --batch_count 1 --scaleA 0 --scaleB 0  --a_type f8_r --b_type f8_r --c_type f32_r --d_type f32_r --scale_type f32_r --bias_type f32_r   --compute_type f32_r --algo_method index --solution_index 5286 --activation_type none 
hipblaslt-bench --api_method c -m 16 -n 16 -k 32 --lda 32 --ldb 32 --ldc 16 --ldd 16  --stride_a 0 --stride_b 0 --stride_c 0 --stride_d 0  --alpha 1.000000 --beta 0.000000 --transA T --transB N --batch_count 1 --scaleA 0 --scaleB 0  --a_type f8_r --b_type f8_r --c_type f32_r --d_type f32_r --scale_type f32_r --bias_type f32_r   --compute_type f32_r --algo_method index --solution_index 5286 --activation_type none 
hipblaslt-bench --api_method c -m 16 -n 16 -k 32 --lda 32 --ldb 32 --ldc 16 --ldd 16  --stride_a 0 --stride_b 0 --stride_c 0 --stride_d 0  --alpha 1.000000 --beta 0.000000 --transA T --transB N --batch_count 1 --scaleA 0 --scaleB 0  --a_type f8_r --b_type f8_r --c_type f32_r --d_type f32_r --scale_type f32_r --bias_type f32_r   --compute_type f32_r --algo_method index --solution_index 5278 --activation_type none 
hipblaslt-bench --api_method c -m 16 -n 16 -k 32 --lda 32 --ldb 32 --ldc 16 --ldd 16  --stride_a 0 --stride_b 0 --stride_c 0 --stride_d 0  --alpha 1.000000 --beta 0.000000 --transA T --transB N --batch_count 1 --scaleA 0 --scaleB 0  --a_type f8_r --b_type f8_r --c_type f32_r --d_type f32_r --scale_type f32_r --bias_type f32_r   --compute_type f32_r --algo_method index --solution_index 5278 --activation_type none 
hipblaslt-bench --api_method c -m 16 -n 16 -k 32 --lda 32 --ldb 32 --ldc 16 --ldd 16  --stride_a 0 --stride_b 0 --stride_c 0 --stride_d 0  --alpha 1.000000 --beta 0.000000 --transA T --transB N --batch_count 1 --scaleA 0 --scaleB 0  --a_type f8_r --b_type f8_r --c_type f32_r --d_type f32_r --scale_type f32_r --bias_type f32_r   --compute_type f32_r --algo_method index --solution_index 5275 --activation_type none 
hipblaslt-bench --api_method c -m 16 -n 16 -k 32 --lda 32 --ldb 32 --ldc 16 --ldd 16  --stride_a 0 --stride_b 0 --stride_c 0 --stride_d 0  --alpha 1.000000 --beta 0.000000 --transA T --transB N --batch_count 1 --scaleA 0 --scaleB 0  --a_type f8_r --b_type f8_r --c_type f32_r --d_type f32_r --scale_type f32_r --bias_type f32_r   --compute_type f32_r --algo_method index --solution_index 5275 --activation_type none 
hipblaslt-bench --api_method c -m 16 -n 16 -k 32 --lda 32 --ldb 32 --ldc 16 --ldd 16  --stride_a 0 --stride_b 0 --stride_c 0 --stride_d 0  --alpha 1.000000 --beta 0.000000 --transA T --transB N --batch_count 1 --scaleA 0 --scaleB 0  --a_type f8_r --b_type f8_r --c_type f32_r --d_type f32_r --scale_type f32_r --bias_type f32_r   --compute_type f32_r --algo_method index --solution_index 5281 --activation_type none 
hipblaslt-bench --api_method c -m 16 -n 16 -k 32 --lda 32 --ldb 32 --ldc 16 --ldd 16  --stride_a 0 --stride_b 0 --stride_c 0 --stride_d 0  --alpha 1.000000 --beta 0.000000 --transA T --transB N --batch_count 1 --scaleA 0 --scaleB 0  --a_type f8_r --b_type f8_r --c_type f32_r --d_type f32_r --scale_type f32_r --bias_type f32_r   --compute_type f32_r --algo_method index --solution_index 5281 --activation_type none 
hipblaslt-bench --api_method c -m 16 -n 16 -k 32 --lda 32 --ldb 32 --ldc 16 --ldd 16  --stride_a 0 --stride_b 0 --stride_c 0 --stride_d 0  --alpha 1.000000 --beta 0.000000 --transA T --transB N --batch_count 1 --scaleA 0 --scaleB 0  --a_type f8_r --b_type f8_r --c_type f32_r --d_type f32_r --scale_type f32_r --bias_type f32_r   --compute_type f32_r --algo_method index --solution_index 5285 --activation_type none 
hipblaslt-bench --api_method c -m 16 -n 16 -k 32 --lda 32 --ldb 32 --ldc 16 --ldd 16  --stride_a 0 --stride_b 0 --stride_c 0 --stride_d 0  --alpha 1.000000 --beta 0.000000 --transA T --transB N --batch_count 1 --scaleA 0 --scaleB 0  --a_type f8_r --b_type f8_r --c_type f32_r --d_type f32_r --scale_type f32_r --bias_type f32_r   --compute_type f32_r --algo_method index --solution_index 5285 --activation_type none 
hipblaslt-bench --api_method c -m 16 -n 16 -k 32 --lda 32 --ldb 32 --ldc 16 --ldd 16  --stride_a 0 --stride_b 0 --stride_c 0 --stride_d 0  --alpha 1.000000 --beta 0.000000 --transA T --transB N --batch_count 1 --scaleA 0 --scaleB 0  --a_type f8_r --b_type f8_r --c_type f32_r --d_type f32_r --scale_type f32_r --bias_type f32_r   --compute_type f32_r --algo_method index --solution_index 5283 --activation_type none 
hipblaslt-bench --api_method c -m 16 -n 16 -k 32 --lda 32 --ldb 32 --ldc 16 --ldd 16  --stride_a 0 --stride_b 0 --stride_c 0 --stride_d 0  --alpha 1.000000 --beta 0.000000 --transA T --transB N --batch_count 1 --scaleA 0 --scaleB 0  --a_type f8_r --b_type f8_r --c_type f32_r --d_type f32_r --scale_type f32_r --bias_type f32_r   --compute_type f32_r --algo_method index --solution_index 5283 --activation_type none 
hipblaslt-bench --api_method c -m 16 -n 16 -k 32 --lda 32 --ldb 32 --ldc 16 --ldd 16  --stride_a 0 --stride_b 0 --stride_c 0 --stride_d 0  --alpha 1.000000 --beta 0.000000 --transA T --transB N --batch_count 1 --scaleA 0 --scaleB 0  --a_type f8_r --b_type f8_r --c_type f32_r --d_type f32_r --scale_type f32_r --bias_type f32_r   --compute_type f32_r --algo_method index --solution_index 5276 --activation_type none 
hipblaslt-bench --api_method c -m 16 -n 16 -k 32 --lda 32 --ldb 32 --ldc 16 --ldd 16  --stride_a 0 --stride_b 0 --stride_c 0 --stride_d 0  --alpha 1.000000 --beta 0.000000 --transA T --transB N --batch_count 1 --scaleA 0 --scaleB 0  --a_type f8_r --b_type f8_r --c_type f32_r --d_type f32_r --scale_type f32_r --bias_type f32_r   --compute_type f32_r --algo_method index --solution_index 5276 --activation_type none 
hipblaslt-bench --api_method c -m 16 -n 16 -k 32 --lda 32 --ldb 32 --ldc 16 --ldd 16  --stride_a 0 --stride_b 0 --stride_c 0 --stride_d 0  --alpha 1.000000 --beta 0.000000 --transA T --transB N --batch_count 1 --scaleA 0 --scaleB 0  --a_type f8_r --b_type f8_r --c_type f32_r --d_type f32_r --scale_type f32_r --bias_type f32_r   --compute_type f32_r --algo_method index --solution_index 5282 --activation_type none 
hipblaslt-bench --api_method c -m 16 -n 16 -k 32 --lda 32 --ldb 32 --ldc 16 --ldd 16  --stride_a 0 --stride_b 0 --stride_c 0 --stride_d 0  --alpha 1.000000 --beta 0.000000 --transA T --transB N --batch_count 1 --scaleA 0 --scaleB 0  --a_type f8_r --b_type f8_r --c_type f32_r --d_type f32_r --scale_type f32_r --bias_type f32_r   --compute_type f32_r --algo_method index --solution_index 5282 --activation_type none 
hipblaslt-bench --api_method c -m 16 -n 16 -k 32 --lda 32 --ldb 32 --ldc 16 --ldd 16  --stride_a 0 --stride_b 0 --stride_c 0 --stride_d 0  --alpha 1.000000 --beta 0.000000 --transA T --transB N --batch_count 1 --scaleA 0 --scaleB 0  --a_type f8_r --b_type f8_r --c_type f32_r --d_type f32_r --scale_type f32_r --bias_type f32_r   --compute_type f32_r --algo_method index --solution_index 5277 --activation_type none 
hipblaslt-bench --api_method c -m 16 -n 16 -k 32 --lda 32 --ldb 32 --ldc 16 --ldd 16  --stride_a 0 --stride_b 0 --stride_c 0 --stride_d 0  --alpha 1.000000 --beta 0.000000 --transA T --transB N --batch_count 1 --scaleA 0 --scaleB 0  --a_type f8_r --b_type f8_r --c_type f32_r --d_type f32_r --scale_type f32_r --bias_type f32_r   --compute_type f32_r --algo_method index --solution_index 5277 --activation_type none 
hipblaslt-bench --api_method c -m 16 -n 16 -k 32 --lda 32 --ldb 32 --ldc 16 --ldd 16  --stride_a 0 --stride_b 0 --stride_c 0 --stride_d 0  --alpha 1.000000 --beta 0.000000 --transA T --transB N --batch_count 1 --scaleA 0 --scaleB 0  --a_type f8_r --b_type f8_r --c_type f32_r --d_type f32_r --scale_type f32_r --bias_type f32_r   --compute_type f32_r --algo_method index --solution_index 5279 --activation_type none 
hipblaslt-bench --api_method c -m 16 -n 16 -k 32 --lda 32 --ldb 32 --ldc 16 --ldd 16  --stride_a 0 --stride_b 0 --stride_c 0 --stride_d 0  --alpha 1.000000 --beta 0.000000 --transA T --transB N --batch_count 1 --scaleA 0 --scaleB 0  --a_type f8_r --b_type f8_r --c_type f32_r --d_type f32_r --scale_type f32_r --bias_type f32_r   --compute_type f32_r --algo_method index --solution_index 5279 --activation_type none 
hipblaslt-bench --api_method c -m 16 -n 16 -k 32 --lda 32 --ldb 32 --ldc 16 --ldd 16  --stride_a 0 --stride_b 0 --stride_c 0 --stride_d 0  --alpha 1.000000 --beta 0.000000 --transA T --transB N --batch_count 1 --scaleA 0 --scaleB 0  --a_type f8_r --b_type f8_r --c_type f32_r --d_type f32_r --scale_type f32_r --bias_type f32_r   --compute_type f32_r --algo_method index --solution_index 5287 --activation_type none 
hipblaslt-bench --api_method c -m 16 -n 16 -k 32 --lda 32 --ldb 32 --ldc 16 --ldd 16  --stride_a 0 --stride_b 0 --stride_c 0 --stride_d 0  --alpha 1.000000 --beta 0.000000 --transA T --transB N --batch_count 1 --scaleA 0 --scaleB 0  --a_type f8_r --b_type f8_r --c_type f32_r --d_type f32_r --scale_type f32_r --bias_type f32_r   --compute_type f32_r --algo_method index --solution_index 5287 --activation_type none 
hipblaslt-bench --api_method c -m 16 -n 16 -k 32 --lda 32 --ldb 32 --ldc 16 --ldd 16  --stride_a 0 --stride_b 0 --stride_c 0 --stride_d 0  --alpha 1.000000 --beta 0.000000 --transA T --transB N --batch_count 1 --scaleA 0 --scaleB 0  --a_type f8_r --b_type f8_r --c_type f32_r --d_type f32_r --scale_type f32_r --bias_type f32_r   --compute_type f32_r --algo_method index --solution_index 5292 --activation_type none 
hipblaslt-bench --api_method c -m 16 -n 16 -k 32 --lda 32 --ldb 32 --ldc 16 --ldd 16  --stride_a 0 --stride_b 0 --stride_c 0 --stride_d 0  --alpha 1.000000 --beta 0.000000 --transA T --transB N --batch_count 1 --scaleA 0 --scaleB 0  --a_type f8_r --b_type f8_r --c_type f32_r --d_type f32_r --scale_type f32_r --bias_type f32_r   --compute_type f32_r --algo_method index --solution_index 5292 --activation_type none 
hipblaslt-bench --api_method c -m 16 -n 16 -k 32 --lda 32 --ldb 32 --ldc 16 --ldd 16  --stride_a 0 --stride_b 0 --stride_c 0 --stride_d 0  --alpha 1.000000 --beta 0.000000 --transA T --transB N --batch_count 1 --scaleA 0 --scaleB 0  --a_type f8_r --b_type f8_r --c_type f32_r --d_type f32_r --scale_type f32_r --bias_type f32_r   --compute_type f32_r --algo_method index --solution_index 5289 --activation_type none 
hipblaslt-bench --api_method c -m 16 -n 16 -k 32 --lda 32 --ldb 32 --ldc 16 --ldd 16  --stride_a 0 --stride_b 0 --stride_c 0 --stride_d 0  --alpha 1.000000 --beta 0.000000 --transA T --transB N --batch_count 1 --scaleA 0 --scaleB 0  --a_type f8_r --b_type f8_r --c_type f32_r --d_type f32_r --scale_type f32_r --bias_type f32_r   --compute_type f32_r --algo_method index --solution_index 5289 --activation_type none 
hipblaslt-bench --api_method c -m 16 -n 16 -k 32 --lda 32 --ldb 32 --ldc 16 --ldd 16  --stride_a 0 --stride_b 0 --stride_c 0 --stride_d 0  --alpha 1.000000 --beta 0.000000 --transA T --transB N --batch_count 1 --scaleA 0 --scaleB 0  --a_type f8_r --b_type f8_r --c_type f32_r --d_type f32_r --scale_type f32_r --bias_type f32_r   --compute_type f32_r --algo_method index --solution_index 5297 --activation_type none 
hipblaslt-bench --api_method c -m 16 -n 16 -k 32 --lda 32 --ldb 32 --ldc 16 --ldd 16  --stride_a 0 --stride_b 0 --stride_c 0 --stride_d 0  --alpha 1.000000 --beta 0.000000 --transA T --transB N --batch_count 1 --scaleA 0 --scaleB 0  --a_type f8_r --b_type f8_r --c_type f32_r --d_type f32_r --scale_type f32_r --bias_type f32_r   --compute_type f32_r --algo_method index --solution_index 5297 --activation_type none 
hipblaslt-bench --api_method c -m 16 -n 16 -k 32 --lda 32 --ldb 32 --ldc 16 --ldd 16  --stride_a 0 --stride_b 0 --stride_c 0 --stride_d 0  --alpha 1.000000 --beta 0.000000 --transA T --transB N --batch_count 1 --scaleA 0 --scaleB 0  --a_type f8_r --b_type f8_r --c_type f32_r --d_type f32_r --scale_type f32_r --bias_type f32_r   --compute_type f32_r --algo_method index --solution_index 5296 --activation_type none 
hipblaslt-bench --api_method c -m 16 -n 16 -k 32 --lda 32 --ldb 32 --ldc 16 --ldd 16  --stride_a 0 --stride_b 0 --stride_c 0 --stride_d 0  --alpha 1.000000 --beta 0.000000 --transA T --transB N --batch_count 1 --scaleA 0 --scaleB 0  --a_type f8_r --b_type f8_r --c_type f32_r --d_type f32_r --scale_type f32_r --bias_type f32_r   --compute_type f32_r --algo_method index --solution_index 5296 --activation_type none 
hipblaslt-bench --api_method c -m 16 -n 16 -k 32 --lda 32 --ldb 32 --ldc 16 --ldd 16  --stride_a 0 --stride_b 0 --stride_c 0 --stride_d 0  --alpha 1.000000 --beta 0.000000 --transA T --transB N --batch_count 1 --scaleA 0 --scaleB 0  --a_type f8_r --b_type f8_r --c_type f32_r --d_type f32_r --scale_type f32_r --bias_type f32_r   --compute_type f32_r --algo_method index --solution_index 5298 --activation_type none 
hipblaslt-bench --api_method c -m 16 -n 16 -k 32 --lda 32 --ldb 32 --ldc 16 --ldd 16  --stride_a 0 --stride_b 0 --stride_c 0 --stride_d 0  --alpha 1.000000 --beta 0.000000 --transA T --transB N --batch_count 1 --scaleA 0 --scaleB 0  --a_type f8_r --b_type f8_r --c_type f32_r --d_type f32_r --scale_type f32_r --bias_type f32_r   --compute_type f32_r --algo_method index --solution_index 5298 --activation_type none 
hipblaslt-bench --api_method c -m 16 -n 16 -k 32 --lda 32 --ldb 32 --ldc 16 --ldd 16  --stride_a 0 --stride_b 0 --stride_c 0 --stride_d 0  --alpha 1.000000 --beta 0.000000 --transA T --transB N --batch_count 1 --scaleA 0 --scaleB 0  --a_type f8_r --b_type f8_r --c_type f32_r --d_type f32_r --scale_type f32_r --bias_type f32_r   --compute_type f32_r --algo_method index --solution_index 5300 --activation_type none 
hipblaslt-bench --api_method c -m 16 -n 16 -k 32 --lda 32 --ldb 32 --ldc 16 --ldd 16  --stride_a 0 --stride_b 0 --stride_c 0 --stride_d 0  --alpha 1.000000 --beta 0.000000 --transA T --transB N --batch_count 1 --scaleA 0 --scaleB 0  --a_type f8_r --b_type f8_r --c_type f32_r --d_type f32_r --scale_type f32_r --bias_type f32_r   --compute_type f32_r --algo_method index --solution_index 5300 --activation_type none 
hipblaslt-bench --api_method c -m 16 -n 16 -k 32 --lda 32 --ldb 32 --ldc 16 --ldd 16  --stride_a 0 --stride_b 0 --stride_c 0 --stride_d 0  --alpha 1.000000 --beta 0.000000 --transA T --transB N --batch_count 1 --scaleA 0 --scaleB 0  --a_type f8_r --b_type f8_r --c_type f32_r --d_type f32_r --scale_type f32_r --bias_type f32_r   --compute_type f32_r --algo_method index --solution_index 5295 --activation_type none 
hipblaslt-bench --api_method c -m 16 -n 16 -k 32 --lda 32 --ldb 32 --ldc 16 --ldd 16  --stride_a 0 --stride_b 0 --stride_c 0 --stride_d 0  --alpha 1.000000 --beta 0.000000 --transA T --transB N --batch_count 1 --scaleA 0 --scaleB 0  --a_type f8_r --b_type f8_r --c_type f32_r --d_type f32_r --scale_type f32_r --bias_type f32_r   --compute_type f32_r --algo_method index --solution_index 5295 --activation_type none 
hipblaslt-bench --api_method c -m 16 -n 16 -k 32 --lda 32 --ldb 32 --ldc 16 --ldd 16  --stride_a 0 --stride_b 0 --stride_c 0 --stride_d 0  --alpha 1.000000 --beta 0.000000 --transA T --transB N --batch_count 1 --scaleA 0 --scaleB 0  --a_type f8_r --b_type f8_r --c_type f32_r --d_type f32_r --scale_type f32_r --bias_type f32_r   --compute_type f32_r --algo_method index --solution_index 5291 --activation_type none 
hipblaslt-bench --api_method c -m 16 -n 16 -k 32 --lda 32 --ldb 32 --ldc 16 --ldd 16  --stride_a 0 --stride_b 0 --stride_c 0 --stride_d 0  --alpha 1.000000 --beta 0.000000 --transA T --transB N --batch_count 1 --scaleA 0 --scaleB 0  --a_type f8_r --b_type f8_r --c_type f32_r --d_type f32_r --scale_type f32_r --bias_type f32_r   --compute_type f32_r --algo_method index --solution_index 5291 --activation_type none 
hipblaslt-bench --api_method c -m 16 -n 16 -k 32 --lda 32 --ldb 32 --ldc 16 --ldd 16  --stride_a 0 --stride_b 0 --stride_c 0 --stride_d 0  --alpha 1.000000 --beta 0.000000 --transA T --transB N --batch_count 1 --scaleA 0 --scaleB 0  --a_type f8_r --b_type f8_r --c_type f32_r --d_type f32_r --scale_type f32_r --bias_type f32_r   --compute_type f32_r --algo_method index --solution_index 5294 --activation_type none 
hipblaslt-bench --api_method c -m 16 -n 16 -k 32 --lda 32 --ldb 32 --ldc 16 --ldd 16  --stride_a 0 --stride_b 0 --stride_c 0 --stride_d 0  --alpha 1.000000 --beta 0.000000 --transA T --transB N --batch_count 1 --scaleA 0 --scaleB 0  --a_type f8_r --b_type f8_r --c_type f32_r --d_type f32_r --scale_type f32_r --bias_type f32_r   --compute_type f32_r --algo_method index --solution_index 5294 --activation_type none 
hipblaslt-bench --api_method c -m 16 -n 16 -k 32 --lda 32 --ldb 32 --ldc 16 --ldd 16  --stride_a 0 --stride_b 0 --stride_c 0 --stride_d 0  --alpha 1.000000 --beta 0.000000 --transA T --transB N --batch_count 1 --scaleA 0 --scaleB 0  --a_type f8_r --b_type f8_r --c_type f32_r --d_type f32_r --scale_type f32_r --bias_type f32_r   --compute_type f32_r --algo_method index --solution_index 5288 --activation_type none 
hipblaslt-bench --api_method c -m 16 -n 16 -k 32 --lda 32 --ldb 32 --ldc 16 --ldd 16  --stride_a 0 --stride_b 0 --stride_c 0 --stride_d 0  --alpha 1.000000 --beta 0.000000 --transA T --transB N --batch_count 1 --scaleA 0 --scaleB 0  --a_type f8_r --b_type f8_r --c_type f32_r --d_type f32_r --scale_type f32_r --bias_type f32_r   --compute_type f32_r --algo_method index --solution_index 5288 --activation_type none 
hipblaslt-bench --api_method c -m 16 -n 16 -k 32 --lda 32 --ldb 32 --ldc 16 --ldd 16  --stride_a 0 --stride_b 0 --stride_c 0 --stride_d 0  --alpha 1.000000 --beta 0.000000 --transA T --transB N --batch_count 1 --scaleA 0 --scaleB 0  --a_type f8_r --b_type f8_r --c_type f32_r --d_type f32_r --scale_type f32_r --bias_type f32_r   --compute_type f32_r --algo_method index --solution_index 5290 --activation_type none 
hipblaslt-bench --api_method c -m 16 -n 16 -k 32 --lda 32 --ldb 32 --ldc 16 --ldd 16  --stride_a 0 --stride_b 0 --stride_c 0 --stride_d 0  --alpha 1.000000 --beta 0.000000 --transA T --transB N --batch_count 1 --scaleA 0 --scaleB 0  --a_type f8_r --b_type f8_r --c_type f32_r --d_type f32_r --scale_type f32_r --bias_type f32_r   --compute_type f32_r --algo_method index --solution_index 5290 --activation_type none 
hipblaslt-bench --api_method c -m 16 -n 16 -k 32 --lda 32 --ldb 32 --ldc 16 --ldd 16  --stride_a 0 --stride_b 0 --stride_c 0 --stride_d 0  --alpha 1.000000 --beta 0.000000 --transA T --transB N --batch_count 1 --scaleA 0 --scaleB 0  --a_type f8_r --b_type f8_r --c_type f32_r --d_type f32_r --scale_type f32_r --bias_type f32_r   --compute_type f32_r --algo_method index --solution_index 5299 --activation_type none 
hipblaslt-bench --api_method c -m 16 -n 16 -k 32 --lda 32 --ldb 32 --ldc 16 --ldd 16  --stride_a 0 --stride_b 0 --stride_c 0 --stride_d 0  --alpha 1.000000 --beta 0.000000 --transA T --transB N --batch_count 1 --scaleA 0 --scaleB 0  --a_type f8_r --b_type f8_r --c_type f32_r --d_type f32_r --scale_type f32_r --bias_type f32_r   --compute_type f32_r --algo_method index --solution_index 5299 --activation_type none 
hipblaslt-bench --api_method c -m 16 -n 16 -k 32 --lda 32 --ldb 32 --ldc 16 --ldd 16  --stride_a 0 --stride_b 0 --stride_c 0 --stride_d 0  --alpha 1.000000 --beta 0.000000 --transA T --transB N --batch_count 1 --scaleA 0 --scaleB 0  --a_type f8_r --b_type f8_r --c_type f32_r --d_type f32_r --scale_type f32_r --bias_type f32_r   --compute_type f32_r --algo_method index --solution_index 5293 --activation_type none 
hipblaslt-bench --api_method c -m 16 -n 16 -k 32 --lda 32 --ldb 32 --ldc 16 --ldd 16  --stride_a 0 --stride_b 0 --stride_c 0 --stride_d 0  --alpha 1.000000 --beta 0.000000 --transA T --transB N --batch_count 1 --scaleA 0 --scaleB 0  --a_type f8_r --b_type f8_r --c_type f32_r --d_type f32_r --scale_type f32_r --bias_type f32_r   --compute_type f32_r --algo_method index --solution_index 5293 --activation_type none 
hipblaslt-bench --api_method c -m 16 -n 16 -k 32 --lda 32 --ldb 32 --ldc 16 --ldd 16  --stride_a 0 --stride_b 0 --stride_c 0 --stride_d 0  --alpha 1.000000 --beta 0.000000 --transA T --transB N --batch_count 1 --scaleA 0 --scaleB 0  --a_type f8_r --b_type f8_r --c_type f32_r --d_type f32_r --scale_type f32_r --bias_type f32_r   --compute_type f32_r --algo_method index --solution_index 5271 --activation_type none 
hipblaslt-bench --api_method c -m 16 -n 16 -k 32 --lda 32 --ldb 32 --ldc 16 --ldd 16  --stride_a 0 --stride_b 0 --stride_c 0 --stride_d 0  --alpha 1.000000 --beta 0.000000 --transA T --transB N --batch_count 1 --scaleA 0 --scaleB 0  --a_type f8_r --b_type f8_r --c_type f32_r --d_type f32_r --scale_type f32_r --bias_type f32_r   --compute_type f32_r --algo_method index --solution_index 5271 --activation_type none 
hipblaslt-bench --api_method c -m 16 -n 16 -k 32 --lda 32 --ldb 32 --ldc 16 --ldd 16  --stride_a 0 --stride_b 0 --stride_c 0 --stride_d 0  --alpha 1.000000 --beta 0.000000 --transA T --transB N --batch_count 1 --scaleA 0 --scaleB 0  --a_type f8_r --b_type f8_r --c_type f32_r --d_type f32_r --scale_type f32_r --bias_type f32_r   --compute_type f32_r --algo_method index --solution_index 5270 --activation_type none 
hipblaslt-bench --api_method c -m 16 -n 16 -k 32 --lda 32 --ldb 32 --ldc 16 --ldd 16  --stride_a 0 --stride_b 0 --stride_c 0 --stride_d 0  --alpha 1.000000 --beta 0.000000 --transA T --transB N --batch_count 1 --scaleA 0 --scaleB 0  --a_type f8_r --b_type f8_r --c_type f32_r --d_type f32_r --scale_type f32_r --bias_type f32_r   --compute_type f32_r --algo_method index --solution_index 5270 --activation_type none 
hipblaslt-bench --api_method c -m 16 -n 16 -k 32 --lda 32 --ldb 32 --ldc 16 --ldd 16  --stride_a 0 --stride_b 0 --stride_c 0 --stride_d 0  --alpha 1.000000 --beta 0.000000 --transA T --transB N --batch_count 1 --scaleA 0 --scaleB 0  --a_type f8_r --b_type f8_r --c_type f32_r --d_type f32_r --scale_type f32_r --bias_type f32_r   --compute_type f32_r --algo_method index --solution_index 5272 --activation_type none 
hipblaslt-bench --api_method c -m 16 -n 16 -k 32 --lda 32 --ldb 32 --ldc 16 --ldd 16  --stride_a 0 --stride_b 0 --stride_c 0 --stride_d 0  --alpha 1.000000 --beta 0.000000 --transA T --transB N --batch_count 1 --scaleA 0 --scaleB 0  --a_type f8_r --b_type f8_r --c_type f32_r --d_type f32_r --scale_type f32_r --bias_type f32_r   --compute_type f32_r --algo_method index --solution_index 5272 --activation_type none 
hipblaslt-bench --api_method c -m 16 -n 16 -k 32 --lda 32 --ldb 32 --ldc 16 --ldd 16  --stride_a 0 --stride_b 0 --stride_c 0 --stride_d 0  --alpha 1.000000 --beta 0.000000 --transA T --transB N --batch_count 1 --scaleA 0 --scaleB 0  --a_type f8_r --b_type f8_r --c_type f32_r --d_type f32_r --scale_type f32_r --bias_type f32_r   --compute_type f32_r --algo_method index --solution_index 1643 --activation_type none 
hipblaslt-bench --api_method c -m 16 -n 16 -k 32 --lda 32 --ldb 32 --ldc 16 --ldd 16  --stride_a 0 --stride_b 0 --stride_c 0 --stride_d 0  --alpha 1.000000 --beta 0.000000 --transA T --transB N --batch_count 1 --scaleA 0 --scaleB 0  --a_type f8_r --b_type f8_r --c_type f32_r --d_type f32_r --scale_type f32_r --bias_type f32_r   --compute_type f32_r --algo_method index --solution_index 1643 --activation_type none 
hipblaslt-bench --api_method c -m 16 -n 16 -k 32 --lda 32 --ldb 32 --ldc 16 --ldd 16  --stride_a 0 --stride_b 0 --stride_c 0 --stride_d 0  --alpha 1.000000 --beta 0.000000 --transA T --transB N --batch_count 1 --scaleA 0 --scaleB 0  --a_type f8_r --b_type f8_r --c_type f32_r --d_type f32_r --scale_type f32_r --bias_type f32_r   --compute_type f32_r --algo_method index --solution_index 1648 --activation_type none 
hipblaslt-bench --api_method c -m 16 -n 16 -k 32 --lda 32 --ldb 32 --ldc 16 --ldd 16  --stride_a 0 --stride_b 0 --stride_c 0 --stride_d 0  --alpha 1.000000 --beta 0.000000 --transA T --transB N --batch_count 1 --scaleA 0 --scaleB 0  --a_type f8_r --b_type f8_r --c_type f32_r --d_type f32_r --scale_type f32_r --bias_type f32_r   --compute_type f32_r --algo_method index --solution_index 1648 --activation_type none 
hipblaslt-bench --api_method c -m 16 -n 16 -k 32 --lda 32 --ldb 32 --ldc 16 --ldd 16  --stride_a 0 --stride_b 0 --stride_c 0 --stride_d 0  --alpha 1.000000 --beta 0.000000 --transA T --transB N --batch_count 1 --scaleA 0 --scaleB 0  --a_type f8_r --b_type f8_r --c_type f32_r --d_type f32_r --scale_type f32_r --bias_type f32_r   --compute_type f32_r --algo_method index --solution_index 1649 --activation_type none 
hipblaslt-bench --api_method c -m 16 -n 16 -k 32 --lda 32 --ldb 32 --ldc 16 --ldd 16  --stride_a 0 --stride_b 0 --stride_c 0 --stride_d 0  --alpha 1.000000 --beta 0.000000 --transA T --transB N --batch_count 1 --scaleA 0 --scaleB 0  --a_type f8_r --b_type f8_r --c_type f32_r --d_type f32_r --scale_type f32_r --bias_type f32_r   --compute_type f32_r --algo_method index --solution_index 1649 --activation_type none 
hipblaslt-bench --api_method c -m 16 -n 16 -k 32 --lda 32 --ldb 32 --ldc 16 --ldd 16  --stride_a 0 --stride_b 0 --stride_c 0 --stride_d 0  --alpha 1.000000 --beta 0.000000 --transA T --transB N --batch_count 1 --scaleA 0 --scaleB 0  --a_type f8_r --b_type f8_r --c_type f32_r --d_type f32_r --scale_type f32_r --bias_type f32_r   --compute_type f32_r --algo_method index --solution_index 1645 --activation_type none 
hipblaslt-bench --api_method c -m 16 -n 16 -k 32 --lda 32 --ldb 32 --ldc 16 --ldd 16  --stride_a 0 --stride_b 0 --stride_c 0 --stride_d 0  --alpha 1.000000 --beta 0.000000 --transA T --transB N --batch_count 1 --scaleA 0 --scaleB 0  --a_type f8_r --b_type f8_r --c_type f32_r --d_type f32_r --scale_type f32_r --bias_type f32_r   --compute_type f32_r --algo_method index --solution_index 1645 --activation_type none 
hipblaslt-bench --api_method c -m 16 -n 16 -k 32 --lda 32 --ldb 32 --ldc 16 --ldd 16  --stride_a 0 --stride_b 0 --stride_c 0 --stride_d 0  --alpha 1.000000 --beta 0.000000 --transA T --transB N --batch_count 1 --scaleA 0 --scaleB 0  --a_type f8_r --b_type f8_r --c_type f32_r --d_type f32_r --scale_type f32_r --bias_type f32_r   --compute_type f32_r --algo_method index --solution_index 1644 --activation_type none 
hipblaslt-bench --api_method c -m 16 -n 16 -k 32 --lda 32 --ldb 32 --ldc 16 --ldd 16  --stride_a 0 --stride_b 0 --stride_c 0 --stride_d 0  --alpha 1.000000 --beta 0.000000 --transA T --transB N --batch_count 1 --scaleA 0 --scaleB 0  --a_type f8_r --b_type f8_r --c_type f32_r --d_type f32_r --scale_type f32_r --bias_type f32_r   --compute_type f32_r --algo_method index --solution_index 1644 --activation_type none 
hipblaslt-bench --api_method c -m 16 -n 16 -k 32 --lda 32 --ldb 32 --ldc 16 --ldd 16  --stride_a 0 --stride_b 0 --stride_c 0 --stride_d 0  --alpha 1.000000 --beta 0.000000 --transA T --transB N --batch_count 1 --scaleA 0 --scaleB 0  --a_type f8_r --b_type f8_r --c_type f32_r --d_type f32_r --scale_type f32_r --bias_type f32_r   --compute_type f32_r --algo_method index --solution_index 1650 --activation_type none 
hipblaslt-bench --api_method c -m 16 -n 16 -k 32 --lda 32 --ldb 32 --ldc 16 --ldd 16  --stride_a 0 --stride_b 0 --stride_c 0 --stride_d 0  --alpha 1.000000 --beta 0.000000 --transA T --transB N --batch_count 1 --scaleA 0 --scaleB 0  --a_type f8_r --b_type f8_r --c_type f32_r --d_type f32_r --scale_type f32_r --bias_type f32_r   --compute_type f32_r --algo_method index --solution_index 1650 --activation_type none 
hipblaslt-bench --api_method c -m 16 -n 16 -k 32 --lda 32 --ldb 32 --ldc 16 --ldd 16  --stride_a 0 --stride_b 0 --stride_c 0 --stride_d 0  --alpha 1.000000 --beta 0.000000 --transA T --transB N --batch_count 1 --scaleA 0 --scaleB 0  --a_type f8_r --b_type f8_r --c_type f32_r --d_type f32_r --scale_type f32_r --bias_type f32_r   --compute_type f32_r --algo_method index --solution_index 1651 --activation_type none 
hipblaslt-bench --api_method c -m 16 -n 16 -k 32 --lda 32 --ldb 32 --ldc 16 --ldd 16  --stride_a 0 --stride_b 0 --stride_c 0 --stride_d 0  --alpha 1.000000 --beta 0.000000 --transA T --transB N --batch_count 1 --scaleA 0 --scaleB 0  --a_type f8_r --b_type f8_r --c_type f32_r --d_type f32_r --scale_type f32_r --bias_type f32_r   --compute_type f32_r --algo_method index --solution_index 1651 --activation_type none 
hipblaslt-bench --api_method c -m 16 -n 16 -k 32 --lda 32 --ldb 32 --ldc 16 --ldd 16  --stride_a 0 --stride_b 0 --stride_c 0 --stride_d 0  --alpha 1.000000 --beta 0.000000 --transA T --transB N --batch_count 1 --scaleA 0 --scaleB 0  --a_type f8_r --b_type f8_r --c_type f32_r --d_type f32_r --scale_type f32_r --bias_type f32_r   --compute_type f32_r --algo_method index --solution_index 1652 --activation_type none 
hipblaslt-bench --api_method c -m 16 -n 16 -k 32 --lda 32 --ldb 32 --ldc 16 --ldd 16  --stride_a 0 --stride_b 0 --stride_c 0 --stride_d 0  --alpha 1.000000 --beta 0.000000 --transA T --transB N --batch_count 1 --scaleA 0 --scaleB 0  --a_type f8_r --b_type f8_r --c_type f32_r --d_type f32_r --scale_type f32_r --bias_type f32_r   --compute_type f32_r --algo_method index --solution_index 1652 --activation_type none 
hipblaslt-bench --api_method c -m 16 -n 16 -k 32 --lda 32 --ldb 32 --ldc 16 --ldd 16  --stride_a 0 --stride_b 0 --stride_c 0 --stride_d 0  --alpha 1.000000 --beta 0.000000 --transA T --transB N --batch_count 1 --scaleA 0 --scaleB 0  --a_type f8_r --b_type f8_r --c_type f32_r --d_type f32_r --scale_type f32_r --bias_type f32_r   --compute_type f32_r --algo_method index --solution_index 1653 --activation_type none 
hipblaslt-bench --api_method c -m 16 -n 16 -k 32 --lda 32 --ldb 32 --ldc 16 --ldd 16  --stride_a 0 --stride_b 0 --stride_c 0 --stride_d 0  --alpha 1.000000 --beta 0.000000 --transA T --transB N --batch_count 1 --scaleA 0 --scaleB 0  --a_type f8_r --b_type f8_r --c_type f32_r --d_type f32_r --scale_type f32_r --bias_type f32_r   --compute_type f32_r --algo_method index --solution_index 1653 --activation_type none 
hipblaslt-bench --api_method c -m 16 -n 16 -k 32 --lda 32 --ldb 32 --ldc 16 --ldd 16  --stride_a 0 --stride_b 0 --stride_c 0 --stride_d 0  --alpha 1.000000 --beta 0.000000 --transA T --transB N --batch_count 1 --scaleA 0 --scaleB 0  --a_type f8_r --b_type f8_r --c_type f32_r --d_type f32_r --scale_type f32_r --bias_type f32_r   --compute_type f32_r --algo_method index --solution_index 1646 --activation_type none 
hipblaslt-bench --api_method c -m 16 -n 16 -k 32 --lda 32 --ldb 32 --ldc 16 --ldd 16  --stride_a 0 --stride_b 0 --stride_c 0 --stride_d 0  --alpha 1.000000 --beta 0.000000 --transA T --transB N --batch_count 1 --scaleA 0 --scaleB 0  --a_type f8_r --b_type f8_r --c_type f32_r --d_type f32_r --scale_type f32_r --bias_type f32_r   --compute_type f32_r --algo_method index --solution_index 1646 --activation_type none 
hipblaslt-bench --api_method c -m 16 -n 16 -k 32 --lda 32 --ldb 32 --ldc 16 --ldd 16  --stride_a 0 --stride_b 0 --stride_c 0 --stride_d 0  --alpha 1.000000 --beta 0.000000 --transA T --transB N --batch_count 1 --scaleA 0 --scaleB 0  --a_type f8_r --b_type f8_r --c_type f32_r --d_type f32_r --scale_type f32_r --bias_type f32_r   --compute_type f32_r --algo_method index --solution_index 1647 --activation_type none 
hipblaslt-bench --api_method c -m 16 -n 16 -k 32 --lda 32 --ldb 32 --ldc 16 --ldd 16  --stride_a 0 --stride_b 0 --stride_c 0 --stride_d 0  --alpha 1.000000 --beta 0.000000 --transA T --transB N --batch_count 1 --scaleA 0 --scaleB 0  --a_type f8_r --b_type f8_r --c_type f32_r --d_type f32_r --scale_type f32_r --bias_type f32_r   --compute_type f32_r --algo_method index --solution_index 1647 --activation_type none 
hipblaslt-bench --api_method c -m 16 -n 16 -k 32 --lda 32 --ldb 32 --ldc 16 --ldd 16  --stride_a 0 --stride_b 0 --stride_c 0 --stride_d 0  --alpha 1.000000 --beta 0.000000 --transA T --transB N --batch_count 1 --scaleA 0 --scaleB 0  --a_type f8_r --b_type f8_r --c_type f32_r --d_type f32_r --scale_type f32_r --bias_type f32_r   --compute_type f32_r --algo_method index --solution_index 1654 --activation_type none 
hipblaslt-bench --api_method c -m 16 -n 16 -k 32 --lda 32 --ldb 32 --ldc 16 --ldd 16  --stride_a 0 --stride_b 0 --stride_c 0 --stride_d 0  --alpha 1.000000 --beta 0.000000 --transA T --transB N --batch_count 1 --scaleA 0 --scaleB 0  --a_type f8_r --b_type f8_r --c_type f32_r --d_type f32_r --scale_type f32_r --bias_type f32_r   --compute_type f32_r --algo_method index --solution_index 1654 --activation_type none 
hipblaslt-bench --api_method c -m 16 -n 16 -k 32 --lda 32 --ldb 32 --ldc 16 --ldd 16  --stride_a 0 --stride_b 0 --stride_c 0 --stride_d 0  --alpha 1.000000 --beta 0.000000 --transA T --transB N --batch_count 1 --scaleA 0 --scaleB 0  --a_type f8_r --b_type f8_r --c_type f32_r --d_type f32_r --scale_type f32_r --bias_type f32_r   --compute_type f32_r --algo_method index --solution_index 1655 --activation_type none 
hipblaslt-bench --api_method c -m 16 -n 16 -k 32 --lda 32 --ldb 32 --ldc 16 --ldd 16  --stride_a 0 --stride_b 0 --stride_c 0 --stride_d 0  --alpha 1.000000 --beta 0.000000 --transA T --transB N --batch_count 1 --scaleA 0 --scaleB 0  --a_type f8_r --b_type f8_r --c_type f32_r --d_type f32_r --scale_type f32_r --bias_type f32_r   --compute_type f32_r --algo_method index --solution_index 1655 --activation_type none 
hipblaslt-bench --api_method c -m 16 -n 16 -k 32 --lda 32 --ldb 32 --ldc 16 --ldd 16  --stride_a 0 --stride_b 0 --stride_c 0 --stride_d 0  --alpha 1.000000 --beta 0.000000 --transA T --transB N --batch_count 1 --scaleA 0 --scaleB 0  --a_type f8_r --b_type f8_r --c_type f32_r --d_type f32_r --scale_type f32_r --bias_type f32_r   --compute_type f32_r --algo_method index --solution_index 1656 --activation_type none 
hipblaslt-bench --api_method c -m 16 -n 16 -k 32 --lda 32 --ldb 32 --ldc 16 --ldd 16  --stride_a 0 --stride_b 0 --stride_c 0 --stride_d 0  --alpha 1.000000 --beta 0.000000 --transA T --transB N --batch_count 1 --scaleA 0 --scaleB 0  --a_type f8_r --b_type f8_r --c_type f32_r --d_type f32_r --scale_type f32_r --bias_type f32_r   --compute_type f32_r --algo_method index --solution_index 1656 --activation_type none 
2025-02-25 17:44:28.637289: I xla/service/dump.cc:556] HloModule dump enabled with path prefix: , suffix: gfx1201_gpu_after_optimizations
hipblaslt-bench --api_method c -m 16 -n 16 -k 32 --lda 32 --ldb 32 --ldc 16 --ldd 16  --stride_a 0 --stride_b 0 --stride_c 0 --stride_d 0  --alpha 1.000000 --beta 0.000000 --transA T --transB N --batch_count 1 --scaleA 1 --scaleB 1  --a_type f8_r --b_type f8_r --c_type f32_r --d_type f32_r --scale_type f32_r --bias_type f32_r   --compute_type f32_r --algo_method index --solution_index 1651 --activation_type none 
2025-02-25 17:44:28.797084: I xla/literal_comparison.cc:945] Expected literal:
2025-02-25 17:44:28.797181: I xla/literal_comparison.cc:946] f32[16,16] {
2025-02-25 17:44:28.797185: I xla/literal_comparison.cc:946]   { 8.73593235, 4.25302839, 4.68294239, 9.01666451, 10.5790014, 9.11804, 6.97965908, 6.32800722, 6.81759357, 9.10753, 11.4503565, 0.576383, 2.57134628, 1.36060297, -1.85900474, 10.3470917 },
2025-02-25 17:44:28.797189: I xla/literal_comparison.cc:946]   { 4.21268177, 1.16158128, 10.774972, 10.7773447, 12.4559755, 9.14889336, 12.6299076, 6.16797638, 4.52935314, 1.15310502, 7.19495487, 5.70483541, 6.44633532, 14.2227592, 6.39954662, 7.49670839 },
2025-02-25 17:44:28.797194: I xla/literal_comparison.cc:946]   { 9.64865112, 12.221693, 10.010416, 3.47118187, 8.55488, 16.4662457, 8.40027332, 2.35367703, 2.9388752, -1.19684231, 11.6429367, 3.55323172, 4.87145329, 10.1585808, 0.0895088911, 18.1764069 },
2025-02-25 17:44:28.797198: I xla/literal_comparison.cc:946]   { 8.65829, 5.32306671, 5.73806238, 2.09532166, 6.85861874, 11.685318, 6.62501383, 2.3207891, 5.92589521, 2.41572285, 3.77530861, 6.95253515, 8.26499271, 0.913397551, 5.32035398, 6.04049397 },
2025-02-25 17:44:28.797208: I xla/literal_comparison.cc:946]   { 11.9209566, 5.72382212, 6.67451525, 4.58461809, 14.8110085, 13.008625, 7.88831, 6.42565346, 9.02141094, 14.4570417, 2.57744908, 6.30902052, 5.27695608, 2.02344346, 6.40192, 7.08815479 },
2025-02-25 17:44:28.797211: I xla/literal_comparison.cc:946]   { 11.3103294, 5.79129314, 9.63305473, 5.89199066, 11.5649557, 12.305438, 11.5001974, 3.26910877, 0.963915825, 10.3545513, 2.48658395, -2.76460409, 1.80509591, 4.38254499, 7.73845053, 5.41969538 },
2025-02-25 17:44:28.797216: I xla/literal_comparison.cc:946]   { 11.1397877, 11.2062416, 17.3701496, 3.45287323, 18.9419804, 23.7551174, 19.2033863, 0.797442853, 8.33721066, 7.15528631, 16.1136341, 9.37300491, 7.41703224, 21.1810589, 11.2259064, 10.9953537 },
2025-02-25 17:44:28.797221: I xla/literal_comparison.cc:946]   { 4.08825064, 4.83110666, 16.7896976, 8.14395237, 10.3142042, 9.48895931, 10.9322901, 4.9989357, 3.32335663, 5.95912218, 9.63983631, 12.2023668, 10.478982, 12.5736256, 2.10956168, 4.04010582 },
2025-02-25 17:44:28.797226: I xla/literal_comparison.cc:946]   { 10.1073847, 11.4679871, 9.43098164, 7.70386744, 7.16681385, 9.16245556, 10.3440409, 7.81032848, 3.87261558, 3.1979084, 5.13760662, 4.70362425, 0.273273349, 2.84326339, 2.28925776, 7.10510731 },
2025-02-25 17:44:28.797230: I xla/literal_comparison.cc:946]   { 9.11498833, 8.9057951, 8.1510725, 0.650973737, 9.05938435, 14.7964296, 6.8013196, 2.36283135, 3.34844613, 7.12578917, 6.66027498, 2.24518132, 4.05434561, 4.82398653, 4.73447752, 13.197814 },
2025-02-25 17:44:28.797234: I xla/literal_comparison.cc:946]   { 11.5822468, 7.33159161, 9.67781, 4.52189398, 11.7975426, 15.3578949, 9.47234631, 4.56800461, -0.604185, 9.03599, 6.97152185, -2.94463897, 6.39208746, 8.51487255, 3.22096372, 12.0070753 },
2025-02-25 17:44:28.797237: I xla/literal_comparison.cc:946]   { 14.4190683, 13.9342289, 13.3252964, 10.3267488, 14.5512972, 14.6875954, 11.8945112, 4.28150845, 9.57270432, 13.4873619, 17.8722801, 2.14041519, 9.38148117, 6.79792881, 6.98711824, 13.8586206 },
2025-02-25 17:44:28.797242: I xla/literal_comparison.cc:946]   { 3.75530481, 1.79187298, 12.3935909, 4.64903736, 6.27918434, 3.33624053, 4.37305164, 1.68236029, 1.7949245, 4.0645175, 6.12118721, 10.09484, 7.72319317, 9.61406803, 2.32045, 0.490942687 },
2025-02-25 17:44:28.797246: I xla/literal_comparison.cc:946]   { 11.3984823, 1.68710697, 5.19490623, 4.12520695, 9.40419674, 6.46566105, 2.02615571, 7.41974449, 3.48677802, 9.27705383, -2.1444838, 1.3002522, 8.59285355, 2.57270241, 0.668265224, 7.15969419 },
2025-02-25 17:44:28.797251: I xla/literal_comparison.cc:946]   { 11.9728308, 8.57522297, 6.57958126, 10.0056696, 12.9923506, 7.88898802, 4.33982515, 6.29139, 2.05667019, 5.331882, 8.06054688, 2.90124083, 3.82786131, 0.229875103, 8.69626331, 1.2832998 },
2025-02-25 17:44:28.797254: I xla/literal_comparison.cc:946]   { 12.0287743, 7.98459959, 7.80320883, 3.88210893, 7.07730532, 9.33638763, 9.68459, 2.04887199, -5.85028744, -2.02581668, 0.0718783513, 3.94381595, 4.76024532, 3.72479033, 10.6532526, 6.24527931 }
2025-02-25 17:44:28.797259: I xla/literal_comparison.cc:946] }
2025-02-25 17:44:28.797261: I xla/literal_comparison.cc:947] Actual literal:
2025-02-25 17:44:28.797328: I xla/literal_comparison.cc:948] f32[16,16] {
2025-02-25 17:44:28.797331: I xla/literal_comparison.cc:948]   { 0.0982894897, 0.0478515625, 0.0526886, 0.101448059, 0.119026184, 0.102588654, 0.0785293579, 0.0711975098, 0.0767059326, 0.102470398, 0.128829956, 0.00648498535, 0.0289306641, 0.0153083801, -0.0209159851, 0.116416931 },
2025-02-25 17:44:28.797336: I xla/literal_comparison.cc:948]   { 0.0473976135, 0.0130691528, 0.121231079, 0.121257782, 0.140144348, 0.102935791, 0.142101288, 0.0693969727, 0.0509605408, 0.0129737854, 0.0809516907, 0.0641860962, 0.0725288391, 0.160022736, 0.0720024109, 0.0843467712 },
2025-02-25 17:44:28.797341: I xla/literal_comparison.cc:948]   { 0.108558655, 0.137508392, 0.112628937, 0.0390548706, 0.0962524414, 0.185264587, 0.0945129395, 0.0264816284, 0.0330657959, -0.0134658813, 0.130996704, 0.0399780273, 0.0548095703, 0.114295959, 0.00100708008, 0.20450592 },
2025-02-25 17:44:28.797348: I xla/literal_comparison.cc:948]   { 0.0974159241, 0.0598907471, 0.0645599365, 0.0235748291, 0.077167511, 0.131473541, 0.0745391846, 0.0261116028, 0.0666732788, 0.027179718, 0.0424766541, 0.0782241821, 0.0929908752, 0.0102767944, 0.0598602295, 0.0679626465 },
2025-02-25 17:44:28.797353: I xla/literal_comparison.cc:948]   { 0.134124756, 0.0643997192, 0.0750961304, 0.0515823364, 0.166641235, 0.146362305, 0.0887527466, 0.0722961426, 0.101501465, 0.162658691, 0.0289993286, 0.0709838867, 0.0593719482, 0.0227661133, 0.0720291138, 0.079750061 },
2025-02-25 17:44:28.797358: I xla/literal_comparison.cc:948]   { 0.127254486, 0.065158844, 0.108383179, 0.0662918091, 0.130119324, 0.138450623, 0.129390717, 0.036781311, 0.0108451843, 0.116500854, 0.0279769897, -0.0311050415, 0.0203094482, 0.0493087769, 0.0870666504, 0.0609779358 },
2025-02-25 17:44:28.797363: I xla/literal_comparison.cc:948]   { 0.125335693, 0.126083374, 0.19543457, 0.038848877, 0.213119507, 0.267272949, 0.216060638, 0.00897216797, 0.0938034058, 0.0805053711, 0.181297302, 0.105457306, 0.0834503174, 0.238311768, 0.126304626, 0.123710632 },
2025-02-25 17:44:28.797367: I xla/literal_comparison.cc:948]   { 0.0459976196, 0.0543556213, 0.188903809, 0.0916290283, 0.116046906, 0.106761932, 0.123001099, 0.0562438965, 0.0373916626, 0.0670471191, 0.108459473, 0.137290955, 0.117900848, 0.141468048, 0.0237350464, 0.0454559326 },
2025-02-25 17:44:28.797372: I xla/literal_comparison.cc:948]   { 0.11371994, 0.12902832, 0.106109619, 0.0866775513, 0.0806350708, 0.103088379, 0.116382599, 0.0878753662, 0.0435714722, 0.0359802246, 0.0578041077, 0.0529212952, 0.003074646, 0.0319900513, 0.0257568359, 0.0799407959 },
2025-02-25 17:44:28.797377: I xla/literal_comparison.cc:948]   { 0.102554321, 0.100200653, 0.091709137, 0.00732421875, 0.101928711, 0.166477203, 0.0765228271, 0.0265846252, 0.0376739502, 0.0801734924, 0.0749359131, 0.0252609253, 0.0456161499, 0.0542755127, 0.0532684326, 0.148490906 },
2025-02-25 17:44:28.797382: I xla/literal_comparison.cc:948]   { 0.130313873, 0.0824890137, 0.108886719, 0.0508766174, 0.132736206, 0.172794342, 0.106575012, 0.0513954163, -0.00679779053, 0.101665497, 0.0784378052, -0.0331306458, 0.0719184875, 0.0958023071, 0.036239624, 0.135093689 },
2025-02-25 17:44:28.797387: I xla/literal_comparison.cc:948]   { 0.162231445, 0.156776428, 0.149925232, 0.116188049, 0.163719177, 0.165252686, 0.133827209, 0.0481719971, 0.107704163, 0.151748657, 0.201084137, 0.0240821838, 0.105552673, 0.0764846802, 0.0786132812, 0.155925751 },
2025-02-25 17:44:28.797391: I xla/literal_comparison.cc:948]   { 0.0422515869, 0.020160675, 0.139442444, 0.0523071289, 0.0706481934, 0.0375366211, 0.0492019653, 0.0189285278, 0.0201950073, 0.0457305908, 0.0688705444, 0.113578796, 0.086894989, 0.108169556, 0.0261077881, 0.00552368164 },
2025-02-25 17:44:28.797396: I xla/literal_comparison.cc:948]   { 0.128246307, 0.0189819336, 0.0584487915, 0.0464134216, 0.105808258, 0.0727462769, 0.0227966309, 0.083480835, 0.0392303467, 0.104377747, -0.0241279602, 0.014629364, 0.0966796875, 0.0289459229, 0.00751876831, 0.0805549622 },
2025-02-25 17:44:28.797401: I xla/literal_comparison.cc:948]   { 0.134708405, 0.0964813232, 0.0740280151, 0.112575531, 0.146179199, 0.088760376, 0.048828125, 0.0707855225, 0.0231399536, 0.0599899292, 0.0906906128, 0.0326423645, 0.0430679321, 0.00258636475, 0.0978431702, 0.0144386292 },
2025-02-25 17:44:28.797406: I xla/literal_comparison.cc:948]   { 0.13533783, 0.0898361206, 0.0877952576, 0.0436782837, 0.0796279907, 0.105045319, 0.108963013, 0.0230522156, -0.0658226, -0.0227928162, 0.00080871582, 0.0443725586, 0.0535583496, 0.0419082642, 0.119861603, 0.0702667236 }
2025-02-25 17:44:28.797410: I xla/literal_comparison.cc:948] }
2025-02-25 17:44:28.797494: I xla/tests/literal_test_util.cc:56] expected: f32[16,16] f32[16,16] {
  { 8.73593235, 4.25302839, 4.68294239, 9.01666451, 10.5790014, 9.11804, 6.97965908, 6.32800722, 6.81759357, 9.10753, 11.4503565, 0.576383, 2.57134628, 1.36060297, -1.85900474, 10.3470917 },
  { 4.21268177, 1.16158128, 10.774972, 10.7773447, 12.4559755, 9.14889336, 12.6299076, 6.16797638, 4.52935314, 1.15310502, 7.19495487, 5.70483541, 6.44633532, 14.2227592, 6.39954662, 7.49670839 },
  { 9.64865112, 12.221693, 10.010416, 3.47118187, 8.55488, 16.4662457, 8.40027332, 2.35367703, 2.9388752, -1.19684231, 11.6429367, 3.55323172, 4.87145329, 10.1585808, 0.0895088911, 18.1764069 },
  { 8.65829, 5.32306671, 5.73806238, 2.09532166, 6.85861874, 11.685318, 6.62501383, 2.3207891, 5.92589521, 2.41572285, 3.77530861, 6.95253515, 8.26499271, 0.913397551, 5.32035398, 6.04049397 },
  { 11.9209566, 5.72382212, 6.67451525, 4.58461809, 14.8110085, 13.008625, 7.88831, 6.42565346, 9.02141094, 14.4570417, 2.57744908, 6.30902052, 5.27695608, 2.02344346, 6.40192, 7.08815479 },
  { 11.3103294, 5.79129314, 9.63305473, 5.89199066, 11.5649557, 12.305438, 11.5001974, 3.26910877, 0.963915825, 10.3545513, 2.48658395, -2.76460409, 1.80509591, 4.38254499, 7.73845053, 5.41969538 },
  { 11.1397877, 11.2062416, 17.3701496, 3.45287323, 18.9419804, 23.7551174, 19.2033863, 0.797442853, 8.33721066, 7.15528631, 16.1136341, 9.37300491, 7.41703224, 21.1810589, 11.2259064, 10.9953537 },
  { 4.08825064, 4.83110666, 16.7896976, 8.14395237, 10.3142042, 9.48895931, 10.9322901, 4.9989357, 3.32335663, 5.95912218, 9.63983631, 12.2023668, 10.478982, 12.5736256, 2.10956168, 4.04010582 },
  { 10.1073847, 11.4679871, 9.43098164, 7.70386744, 7.16681385, 9.16245556, 10.3440409, 7.81032848, 3.87261558, 3.1979084, 5.13760662, 4.70362425, 0.273273349, 2.84326339, 2.28925776, 7.10510731 },
  { 9.11498833, 8.9057951, 8.1510725, 0.650973737, 9.05938435, 14.7964296, 6.8013196, 2.36283135, 3.34844613, 7.12578917, 6.66027498, 2.24518132, 4.05434561, 4.82398653, 4.73447752, 13.197814 },
  { 11.5822468, 7.33159161, 9.67781, 4.52189398, 11.7975426, 15.3578949, 9.47234631, 4.56800461, -0.604185, 9.03599, 6.97152185, -2.94463897, 6.39208746, 8.51487255, 3.22096372, 12.0070753 },
  { 14.4190683, 13.9342289, 13.3252964, 10.3267488, 14.5512972, 14.6875954, 11.8945112, 4.28150845, 9.57270432, 13.4873619, 17.8722801, 2.14041519, 9.38148117, 6.79792881, 6.98711824, 13.8586206 },
  { 3.75530481, 1.79187298, 12.3935909, 4.64903736, 6.27918434, 3.33624053, 4.37305164, 1.68236029, 1.7949245, 4.0645175, 6.12118721, 10.09484, 7.72319317, 9.61406803, 2.32045, 0.490942687 },
  { 11.3984823, 1.68710697, 5.19490623, 4.12520695, 9.40419674, 6.46566105, 2.02615571, 7.41974449, 3.48677802, 9.27705383, -2.1444838, 1.3002522, 8.59285355, 2.57270241, 0.668265224, 7.15969419 },
  { 11.9728308, 8.57522297, 6.57958126, 10.0056696, 12.9923506, 7.88898802, 4.33982515, 6.29139, 2.05667019, 5.331882, 8.06054688, 2.90124083, 3.82786131, 0.229875103, 8.69626331, 1.2832998 },
  { 12.0287743, 7.98459959, 7.80320883, 3.88210893, 7.07730532, 9.33638763, 9.68459, 2.04887199, -5.85028744, -2.02581668, 0.0718783513, 3.94381595, 4.76024532, 3.72479033, 10.6532526, 6.24527931 }
}
2025-02-25 17:44:28.797594: I xla/tests/literal_test_util.cc:58] actual:   f32[16,16] f32[16,16] {
  { 0.0982894897, 0.0478515625, 0.0526886, 0.101448059, 0.119026184, 0.102588654, 0.0785293579, 0.0711975098, 0.0767059326, 0.102470398, 0.128829956, 0.00648498535, 0.0289306641, 0.0153083801, -0.0209159851, 0.116416931 },
  { 0.0473976135, 0.0130691528, 0.121231079, 0.121257782, 0.140144348, 0.102935791, 0.142101288, 0.0693969727, 0.0509605408, 0.0129737854, 0.0809516907, 0.0641860962, 0.0725288391, 0.160022736, 0.0720024109, 0.0843467712 },
  { 0.108558655, 0.137508392, 0.112628937, 0.0390548706, 0.0962524414, 0.185264587, 0.0945129395, 0.0264816284, 0.0330657959, -0.0134658813, 0.130996704, 0.0399780273, 0.0548095703, 0.114295959, 0.00100708008, 0.20450592 },
  { 0.0974159241, 0.0598907471, 0.0645599365, 0.0235748291, 0.077167511, 0.131473541, 0.0745391846, 0.0261116028, 0.0666732788, 0.027179718, 0.0424766541, 0.0782241821, 0.0929908752, 0.0102767944, 0.0598602295, 0.0679626465 },
  { 0.134124756, 0.0643997192, 0.0750961304, 0.0515823364, 0.166641235, 0.146362305, 0.0887527466, 0.0722961426, 0.101501465, 0.162658691, 0.0289993286, 0.0709838867, 0.0593719482, 0.0227661133, 0.0720291138, 0.079750061 },
  { 0.127254486, 0.065158844, 0.108383179, 0.0662918091, 0.130119324, 0.138450623, 0.129390717, 0.036781311, 0.0108451843, 0.116500854, 0.0279769897, -0.0311050415, 0.0203094482, 0.0493087769, 0.0870666504, 0.0609779358 },
  { 0.125335693, 0.126083374, 0.19543457, 0.038848877, 0.213119507, 0.267272949, 0.216060638, 0.00897216797, 0.0938034058, 0.0805053711, 0.181297302, 0.105457306, 0.0834503174, 0.238311768, 0.126304626, 0.123710632 },
  { 0.0459976196, 0.0543556213, 0.188903809, 0.0916290283, 0.116046906, 0.106761932, 0.123001099, 0.0562438965, 0.0373916626, 0.0670471191, 0.108459473, 0.137290955, 0.117900848, 0.141468048, 0.0237350464, 0.0454559326 },
  { 0.11371994, 0.12902832, 0.106109619, 0.0866775513, 0.0806350708, 0.103088379, 0.116382599, 0.0878753662, 0.0435714722, 0.0359802246, 0.0578041077, 0.0529212952, 0.003074646, 0.0319900513, 0.0257568359, 0.0799407959 },
  { 0.102554321, 0.100200653, 0.091709137, 0.00732421875, 0.101928711, 0.166477203, 0.0765228271, 0.0265846252, 0.0376739502, 0.0801734924, 0.0749359131, 0.0252609253, 0.0456161499, 0.0542755127, 0.0532684326, 0.148490906 },
  { 0.130313873, 0.0824890137, 0.108886719, 0.0508766174, 0.132736206, 0.172794342, 0.106575012, 0.0513954163, -0.00679779053, 0.101665497, 0.0784378052, -0.0331306458, 0.0719184875, 0.0958023071, 0.036239624, 0.135093689 },
  { 0.162231445, 0.156776428, 0.149925232, 0.116188049, 0.163719177, 0.165252686, 0.133827209, 0.0481719971, 0.107704163, 0.151748657, 0.201084137, 0.0240821838, 0.105552673, 0.0764846802, 0.0786132812, 0.155925751 },
  { 0.0422515869, 0.020160675, 0.139442444, 0.0523071289, 0.0706481934, 0.0375366211, 0.0492019653, 0.0189285278, 0.0201950073, 0.0457305908, 0.0688705444, 0.113578796, 0.086894989, 0.108169556, 0.0261077881, 0.00552368164 },
  { 0.128246307, 0.0189819336, 0.0584487915, 0.0464134216, 0.105808258, 0.0727462769, 0.0227966309, 0.083480835, 0.0392303467, 0.104377747, -0.0241279602, 0.014629364, 0.0966796875, 0.0289459229, 0.00751876831, 0.0805549622 },
  { 0.134708405, 0.0964813232, 0.0740280151, 0.112575531, 0.146179199, 0.088760376, 0.048828125, 0.0707855225, 0.0231399536, 0.0599899292, 0.0906906128, 0.0326423645, 0.0430679321, 0.00258636475, 0.0978431702, 0.0144386292 },
  { 0.13533783, 0.0898361206, 0.0877952576, 0.0436782837, 0.0796279907, 0.105045319, 0.108963013, 0.0230522156, -0.0658226, -0.0227928162, 0.00080871582, 0.0443725586, 0.0535583496, 0.0419082642, 0.119861603, 0.0702667236 }
}
2025-02-25 17:44:28.797634: I xla/tests/literal_test_util.cc:60] Dumping literals to temp files...
2025-02-25 17:44:28.797856: E xla/tests/literal_test_util.cc:46] wrote Literal to expected file: /root/.cache/bazel/_bazel_root/7400ddcac62ef851d2c8ad0d87311431/execroot/xla/bazel-out/k8-opt/testlogs/xla/service/gpu/transforms/gemm_rewriter_test_gpu_amd_any/test.outputs/tempfile-1740505468797637-expected.{pb,txt}
2025-02-25 17:44:28.798021: E xla/tests/literal_test_util.cc:46] wrote Literal to actual file: /root/.cache/bazel/_bazel_root/7400ddcac62ef851d2c8ad0d87311431/execroot/xla/bazel-out/k8-opt/testlogs/xla/service/gpu/transforms/gemm_rewriter_test_gpu_amd_any/test.outputs/tempfile-1740505468797862-actual.{pb,txt}
2025-02-25 17:44:28.798126: E xla/tests/literal_test_util.cc:46] wrote Literal to mismatches file: /root/.cache/bazel/_bazel_root/7400ddcac62ef851d2c8ad0d87311431/execroot/xla/bazel-out/k8-opt/testlogs/xla/service/gpu/transforms/gemm_rewriter_test_gpu_amd_any/test.outputs/tempfile-1740505468798030-mismatches.{pb,txt}
xla/service/gpu/transforms/gemm_rewriter_test.cc:4789: Failure
Value of: RunAndCompare(absl::StrReplaceAll(hlo_text, replacements_), error_spec)
  Actual: false (
Mismatch count 256 (100.0000%) in shape f32[16,16] (256 elements), abs bound 0.01, rel bound 0.1
Top relative error mismatches:
  actual           0.0457305908, expected              4.0645175, index {12,9}, rel error    0.989, abs error     4.02
  actual            0.048828125, expected             4.33982515, index {14,6}, rel error    0.989, abs error     4.29
  actual           0.0257568359, expected             2.28925776, index {8,14}, rel error    0.989, abs error     2.26
  actual           0.0958023071, expected             8.51487255, index {10,13}, rel error    0.989, abs error     8.42
  actual           0.0265846252, expected             2.36283135, index {9,7}, rel error    0.989, abs error     2.34
Absolute magnitude breakdown of actual values:
  0      <= x < 0.0001 :       0 (  0.0000%)
  0.0001 <= x < 0.001  :       1 (  0.3906%), mismatches 1
  0.001  <= x < 0.01   :       9 (  3.5156%), mismatches 9
  0.01   <= x < 0.1    :     154 ( 60.1562%), mismatches 154
  0.1    <= x < 1      :      92 ( 35.9375%), mismatches 92
  1      <= x < inf    :       0 (  0.0000%)
Elements exceeding abs error bound 0.01: 256 (100.0000%)
Relative error breakdown of elements exceeding abs error bound:
  <  0.0001 :       0 (0.0000%)
  >= 0.0001 :     256 (100.0000%)
  >= 0.001  :     256 (100.0000%)
  >= 0.01   :     256 (100.0000%)
  >= 0.1    :     256 (100.0000%)
  >= 1      :       0 (0.0000%)
Elements exceeding rel error bound 0.1: 256 (100.0000%)
Absolute error breakdown of elements exceeding rel error bound:
  <  0.0001 :       0 (0.0000%)
  >= 0.0001 :     256 (100.0000%)
  >= 0.001  :     256 (100.0000%)
  >= 0.01   :     256 (100.0000%)
  >= 0.1    :     254 (99.2188%)
  >= 1      :     244 (95.3125%)


Expected literal:
f32[16,16] {
  { 8.73593235, 4.25302839, 4.68294239, 9.01666451, 10.5790014, 9.11804, 6.97965908, 6.32800722, 6.81759357, 9.10753, 11.4503565, 0.576383, 2.57134628, 1.36060297, -1.85900474, 10.3470917 },
  { 4.21268177, 1.16158128, 10.774972, 10.7773447, 12.4559755, 9.14889336, 12.6299076, 6.16797638, 4.52935314, 1.15310502, 7.19495487, 5.70483541, 6.44633532, 14.2227592, 6.39954662, 7.49670839 },
  { 9.64865112, 12.221693, 10.010416, 3.47118187, 8.55488, 16.4662457, 8.40027332, 2.35367703, 2.9388752, -1.19684231, 11.6429367, 3.55323172, 4.87145329, 10.1585808, 0.0895088911, 18.1764069 },
  { 8.65829, 5.32306671, 5.73806238, 2.09532166, 6.85861874, 11.685318, 6.62501383, 2.3207891, 5.92589521, 2.41572285, 3.77530861, 6.95253515, 8.26499271, 0.913397551, 5.32035398, 6.04049397 },
  { 11.9209566, 5.72382212, 6.67451525, 4.58461809, 14.8110085, 13.008625, 7.88831, 6.42565346, 9.02141094, 14.4570417, 2.57744908, 6.30902052, 5.27695608, 2.02344346, 6.40192, 7.08815479 },
  { 11.3103294, 5.79129314, 9.63305473, 5.89199066, 11.5649557, 12.305438, 11.5001974, 3.26910877, 0.963915825, 10.3545513, 2.48658395, -2.76460409, 1.80509591, 4.38254499, 7.73845053, 5.41969538 },
  { 11.1397877, 11.2062416, 17.3701496, 3.45287323, 18.9419804, 23.7551174, 19.2033863, 0.797442853, 8.33721066, 7.15528631, 16.1136341, 9.37300491, 7.41703224, 21.1810589, 11.2259064, 10.9953537 },
  { 4.08825064, 4.83110666, 16.7896976, 8.14395237, 10.3142042, 9.48895931, 10.9322901, 4.9989357, 3.32335663, 5.95912218, 9.63983631, 12.2023668, 10.478982, 12.5736256, 2.10956168, 4.04010582 },
  { 10.1073847, 11.4679871, 9.43098164, 7.70386744, 7.16681385, 9.16245556, 10.3440409, 7.81032848, 3.87261558, 3.1979084, 5.13760662, 4.70362425, 0.273273349, 2.84326339, 2.28925776, 7.10510731 },
  { 9.11498833, 8.9057951, 8.1510725, 0.650973737, 9.05938435, 14.7964296, 6.8013196, 2.36283135, 3.34844613, 7.12578917, 6.66027498, 2.24518132, 4.05434561, 4.82398653, 4.73447752, 13.197814 },
  { 11.5822468, 7.33159161, 9.67781, 4.52189398, 11.7975426, 15.3578949, 9.47234631, 4.56800461, -0.604185, 9.03599, 6.97152185, -2.94463897, 6.39208746, 8.51487255, 3.22096372, 12.0070753 },
  { 14.4190683, 13.9342289, 13.3252964, 10.3267488, 14.5512972, 14.6875954, 11.8945112, 4.28150845, 9.57270432, 13.4873619, 17.8722801, 2.14041519, 9.38148117, 6.79792881, 6.98711824, 13.8586206 },
  { 3.75530481, 1.79187298, 12.3935909, 4.64903736, 6.27918434, 3.33624053, 4.37305164, 1.68236029, 1.7949245, 4.0645175, 6.12118721, 10.09484, 7.72319317, 9.61406803, 2.32045, 0.490942687 },
  { 11.3984823, 1.68710697, 5.19490623, 4.12520695, 9.40419674, 6.46566105, 2.02615571, 7.41974449, 3.48677802, 9.27705383, -2.1444838, 1.3002522, 8.59285355, 2.57270241, 0.668265224, 7.15969419 },
  { 11.9728308, 8.57522297, 6.57958126, 10.0056696, 12.9923506, 7.88898802, 4.33982515, 6.29139, 2.05667019, 5.331882, 8.06054688, 2.90124083, 3.82786131, 0.229875103, 8.69626331, 1.2832998 },
  { 12.0287743, 7.98459959, 7.80320883, 3.88210893, 7.07730532, 9.33638763, 9.68459, 2.04887199, -5.85028744, -2.02581668, 0.0718783513, 3.94381595, 4.76024532, 3.72479033, 10.6532526, 6.24527931 }
}

Actual literal:
f32[16,16] {
  { 0.0982894897, 0.0478515625, 0.0526886, 0.101448059, 0.119026184, 0.102588654, 0.0785293579, 0.0711975098, 0.0767059326, 0.102470398, 0.128829956, 0.00648498535, 0.0289306641, 0.0153083801, -0.0209159851, 0.116416931 },
  { 0.0473976135, 0.0130691528, 0.121231079, 0.121257782, 0.140144348, 0.102935791, 0.142101288, 0.0693969727, 0.0509605408, 0.0129737854, 0.0809516907, 0.0641860962, 0.0725288391, 0.160022736, 0.0720024109, 0.0843467712 },
  { 0.108558655, 0.137508392, 0.112628937, 0.0390548706, 0.0962524414, 0.185264587, 0.0945129395, 0.0264816284, 0.0330657959, -0.0134658813, 0.130996704, 0.0399780273, 0.0548095703, 0.114295959, 0.00100708008, 0.20450592 },
  { 0.0974159241, 0.0598907471, 0.0645599365, 0.0235748291, 0.077167511, 0.131473541, 0.0745391846, 0.0261116028, 0.0666732788, 0.027179718, 0.0424766541, 0.0782241821, 0.0929908752, 0.0102767944, 0.0598602295, 0.0679626465 },
  { 0.134124756, 0.0643997192, 0.0750961304, 0.0515823364, 0.166641235, 0.146362305, 0.0887527466, 0.0722961426, 0.101501465, 0.162658691, 0.0289993286, 0.0709838867, 0.0593719482, 0.0227661133, 0.0720291138, 0.079750061 },
  { 0.127254486, 0.065158844, 0.108383179, 0.0662918091, 0.130119324, 0.138450623, 0.129390717, 0.036781311, 0.0108451843, 0.116500854, 0.0279769897, -0.0311050415, 0.0203094482, 0.0493087769, 0.0870666504, 0.0609779358 },
  { 0.125335693, 0.126083374, 0.19543457, 0.038848877, 0.213119507, 0.267272949, 0.216060638, 0.00897216797, 0.0938034058, 0.0805053711, 0.181297302, 0.105457306, 0.0834503174, 0.238311768, 0.126304626, 0.123710632 },
  { 0.0459976196, 0.0543556213, 0.188903809, 0.0916290283, 0.116046906, 0.106761932, 0.123001099, 0.0562438965, 0.0373916626, 0.0670471191, 0.108459473, 0.137290955, 0.117900848, 0.141468048, 0.0237350464, 0.0454559326 },
  { 0.11371994, 0.12902832, 0.106109619, 0.0866775513, 0.0806350708, 0.103088379, 0.116382599, 0.0878753662, 0.0435714722, 0.0359802246, 0.0578041077, 0.0529212952, 0.003074646, 0.0319900513, 0.0257568359, 0.0799407959 },
  { 0.102554321, 0.100200653, 0.091709137, 0.00732421875, 0.101928711, 0.166477203, 0.0765228271, 0.0265846252, 0.0376739502, 0.0801734924, 0.0749359131, 0.0252609253, 0.0456161499, 0.0542755127, 0.0532684326, 0.148490906 },
  { 0.130313873, 0.0824890137, 0.108886719, 0.0508766174, 0.132736206, 0.172794342, 0.106575012, 0.0513954163, -0.00679779053, 0.101665497, 0.0784378052, -0.0331306458, 0.0719184875, 0.0958023071, 0.036239624, 0.135093689 },
  { 0.162231445, 0.156776428, 0.149925232, 0.116188049, 0.163719177, 0.165252686, 0.133827209, 0.0481719971, 0.107704163, 0.151748657, 0.201084137, 0.0240821838, 0.105552673, 0.0764846802, 0.0786132812, 0.155925751 },
  { 0.0422515869, 0.020160675, 0.139442444, 0.0523071289, 0.0706481934, 0.0375366211, 0.0492019653, 0.0189285278, 0.0201950073, 0.0457305908, 0.0688705444, 0.113578796, 0.086894989, 0.108169556, 0.0261077881, 0.00552368164 },
  { 0.128246307, 0.0189819336, 0.0584487915, 0.0464134216, 0.105808258, 0.0727462769, 0.0227966309, 0.083480835, 0.0392303467, 0.104377747, -0.0241279602, 0.014629364, 0.0966796875, 0.0289459229, 0.00751876831, 0.0805549622 },
  { 0.134708405, 0.0964813232, 0.0740280151, 0.112575531, 0.146179199, 0.088760376, 0.048828125, 0.0707855225, 0.0231399536, 0.0599899292, 0.0906906128, 0.0326423645, 0.0430679321, 0.00258636475, 0.0978431702, 0.0144386292 },
  { 0.13533783, 0.0898361206, 0.0877952576, 0.0436782837, 0.0796279907, 0.105045319, 0.108963013, 0.0230522156, -0.0658226, -0.0227928162, 0.00080871582, 0.0443725586, 0.0535583496, 0.0419082642, 0.119861603, 0.0702667236 }
})
Expected: true
2025-02-25 17:44:28.798379: I xla/service/gpu/transforms/gemm_rewriter_test.cc:4791] zzzzzzzzzzzzzzzzzzzzzzzzzzzzzzzzzzzzzzzzzzzzzzzzzzzzzzzzzzzz
2025-02-25 17:44:28.798384: I xla/service/gpu/transforms/gemm_rewriter_test.cc:4792] Leave RunAndCompare()...
2025-02-25 17:44:28.798386: I xla/service/gpu/transforms/gemm_rewriter_test.cc:4793] zzzzzzzzzzzzzzzzzzzzzzzzzzzzzzzzzzzzzzzzzzzzzzzzzzzzzzzzzzzz
2025-02-25 17:44:28.802014: I xla/service/gpu/transforms/gemm_rewriter.cc:1406] %dot_a = f32[16,16]{1,0} dot(), lhs_contracting_dims={1}, rhs_contracting_dims={0} rewritten into FP8 Custom Call.
2025-02-25 17:44:28.802038: I xla/service/gpu/transforms/gemm_rewriter.cc:1448] Scaling of FP8 GEMM fused into Custom Call.
2025-02-25 17:44:28.806185: I xla/service/gpu/transforms/gemm_rewriter.cc:1406] %dot_a = f32[16,16]{1,0} dot(), lhs_contracting_dims={1}, rhs_contracting_dims={0} rewritten into FP8 Custom Call.
2025-02-25 17:44:28.806207: I xla/service/gpu/transforms/gemm_rewriter.cc:1448] Scaling of FP8 GEMM fused into Custom Call.
[  FAILED  ] Fp8CublasTestsBothLegacyAndLt/ParameterizedFp8GemmRewriteTest.UnscaledABScaledF32DF8/0, where GetParam() = false (3462 ms)
[----------] 1 test from Fp8CublasTestsBothLegacyAndLt/ParameterizedFp8GemmRewriteTest (3462 ms total)

[----------] Global test environment tear-down
[==========] 1 test from 1 test suite ran. (3462 ms total)
[  PASSED  ] 0 tests.
[  FAILED  ] 1 test, listed below:
[  FAILED  ] Fp8CublasTestsBothLegacyAndLt/ParameterizedFp8GemmRewriteTest.UnscaledABScaledF32DF8/0, where GetParam() = false

 1 FAILED TEST
